=== OmniLLM E2E install log ===
Timestamp: 2026-08-06 15:16:45
Device: emulator-5554
APK: C:\Users\daive\Downloads\OmniLLM_Build\omnillm-android\android\app-ui\build\outputs\apk\debug\app-ui-debug.apk
APK size: 103894118 bytes
APK LastWriteTime: 08/06/2026 12:05:28
Build: SKIPPED (APK present and not stale)

=== adb devices ===
List of devices attached
emulator-5554          device product:sdk_gphone64_x86_64 model:sdk_gphone64_x86_64 device:emu64xa transport_id:2

=== adb install -r ===
Performing Streamed Install
Success
Exit code: 0

=== mkdir -p /sdcard/Download/omnillm-e2e ===

Exit code: 0

=== adb push GGUF ===
Source: C:\Users\daive\Downloads\OmniLLM_Build\omnillm-android\e2e-artifacts\models\gemma-3-270m-Q8_0.gguf
Source size: 301651328 bytes
adb.exe : C:\Users\daive\Downloads\OmniLLM_Build\omnillm-android\e2e-artifacts\models\gemma-3-270m-Q8_0.gguf: 1 file pu
shed, 0 skipped. 45.9 MB/s (301651328 bytes in 6.274s)
位於 線路:21 字元:12
+ $pushOut = & $adb -s emulator-5554 push $model /sdcard/Download/omnil ...
+            ~~~~~~~~~~~~~~~~~~~~~~~~~~~~~~~~~~~~~~~~~~~~~~~~~~~~~~~~~~
    + CategoryInfo          : NotSpecified: (C:\Users\daive\...ytes in 6.274s):String) [], RemoteException
    + FullyQualifiedErrorId : NativeCommandError
Exit code: 0
Duration_sec: 7.8

=== ls -la /sdcard/Download/omnillm-e2e/ ===
total 294592
-rw-rw---- 1 u0_a209 media_rw 301651328 2026-08-06 07:16 gemma-3-270m-Q8_0.gguf
Exit code: 0

=== grant storage-related permissions (com.omnillm) ===
pm grant com.omnillm android.permission.READ_EXTERNAL_STORAGE -> exit=1 Failure [package not found]
adb.exe : Error: package not found
位於 線路:51 字元:11
+   $gOut = & $adb -s emulator-5554 shell pm grant com.omnillm $p 2>&1  ...
+           ~~~~~~~~~~~~~~~~~~~~~~~~~~~~~~~~~~~~~~~~~~~~~~~~~~~~~~~~~~
    + CategoryInfo          : NotSpecified: (Error: package not found:String) [], RemoteException
    + FullyQualifiedErrorId : NativeCommandError
pm grant com.omnillm android.permission.WRITE_EXTERNAL_STORAGE -> exit=1 adb.exe : Error: package not found
位於 線路:51 字元:11
+   $gOut = & $adb -s emulator-5554 shell pm grant com.omnillm $p 2>&1  ...
+           ~~~~~~~~~~~~~~~~~~~~~~~~~~~~~~~~~~~~~~~~~~~~~~~~~~~~~~~~~~
    + CategoryInfo          : NotSpecified: (Error: package not found:String) [], RemoteException
    + FullyQualifiedErrorId : NativeCommandError
 
Failure [package not found]
pm grant com.omnillm android.permission.READ_MEDIA_IMAGES -> exit=1 Failure [package not found]
adb.exe : Error: package not found
位於 線路:51 字元:11
+   $gOut = & $adb -s emulator-5554 shell pm grant com.omnillm $p 2>&1  ...
+           ~~~~~~~~~~~~~~~~~~~~~~~~~~~~~~~~~~~~~~~~~~~~~~~~~~~~~~~~~~
    + CategoryInfo          : NotSpecified: (Error: package not found:String) [], RemoteException
    + FullyQualifiedErrorId : NativeCommandError
pm grant com.omnillm android.permission.READ_MEDIA_VIDEO -> exit=1 Failure [package not found]
adb.exe : Error: package not found
位於 線路:51 字元:11
+   $gOut = & $adb -s emulator-5554 shell pm grant com.omnillm $p 2>&1  ...
+           ~~~~~~~~~~~~~~~~~~~~~~~~~~~~~~~~~~~~~~~~~~~~~~~~~~~~~~~~~~
    + CategoryInfo          : NotSpecified: (Error: package not found:String) [], RemoteException
    + FullyQualifiedErrorId : NativeCommandError
pm grant com.omnillm android.permission.READ_MEDIA_AUDIO -> exit=1 Failure [package not found]
adb.exe : Error: package not found
位於 線路:51 字元:11
+   $gOut = & $adb -s emulator-5554 shell pm grant com.omnillm $p 2>&1  ...
+           ~~~~~~~~~~~~~~~~~~~~~~~~~~~~~~~~~~~~~~~~~~~~~~~~~~~~~~~~~~
    + CategoryInfo          : NotSpecified: (Error: package not found:String) [], RemoteException
    + FullyQualifiedErrorId : NativeCommandError
appops set com.omnillm MANAGE_EXTERNAL_STORAGE allow -> exit=255 adb.exe : Error: No UID for com.omnillm in user 0
位於 線路:59 字元:14
+ ... appopsOut = & $adb -s emulator-5554 shell appops set com.omnillm MANA ...
+                 ~~~~~~~~~~~~~~~~~~~~~~~~~~~~~~~~~~~~~~~~~~~~~~~~~~~~~~~~~
    + CategoryInfo          : NotSpecified: (Error: No UID for com.omnillm in user 0:String) [], RemoteException
    + FullyQualifiedErrorId : NativeCommandError

=== pm path com.omnillm ===


=== DONE ===
Status: install=Success, push=exit_0, mkdir=exit_0

=== CORRECTION: debug applicationId ===
Base applicationId: com.omnillm
Debug suffix: .debug
Actual package: com.omnillm.debug
versionName: 0.1.0-debug
launchable-activity: com.omnillm.ui.MainActivity

=== grant storage-related permissions (com.omnillm.debug) ===
pm grant com.omnillm.debug android.permission.READ_EXTERNAL_STORAGE -> exit=0 
pm grant com.omnillm.debug android.permission.WRITE_EXTERNAL_STORAGE -> exit=0 
pm grant com.omnillm.debug android.permission.READ_MEDIA_IMAGES -> exit=0 
pm grant com.omnillm.debug android.permission.READ_MEDIA_VIDEO -> exit=0 
pm grant com.omnillm.debug android.permission.READ_MEDIA_AUDIO -> exit=0 
appops set com.omnillm.debug MANAGE_EXTERNAL_STORAGE allow -> exit=0 

=== pm path com.omnillm.debug ===
package:/data/app/~~4pNtcjL-3-9idCGvGcpOVQ==/com.omnillm.debug-ukmcuMG-05PWolqkBM64Kw==/base.apk

=== dumpsys package com.omnillm.debug (perms snippet) ===
      com.omnillm.action.RUNTIME_FOREGROUND:
        bcf08fa com.omnillm.debug/com.omnillm.android.runtimeservice.service.RuntimeForegroundService filter 73f2eab
          Action: "com.omnillm.action.RUNTIME_FOREGROUND"
        674bac6 com.omnillm.debug/com.omnillm.android.runtimeservice.service.AdminBindingService filter bc00a87
        f63cdb4 com.omnillm.debug/com.omnillm.android.runtimeservice.service.TransferService filter 3639ddd
      com.omnillm.action.BIND_RUNTIME:
        9612908 com.omnillm.debug/com.omnillm.android.runtimeservice.service.RuntimeBindingService filter d0f18a1 permission com.omnillm.permission.BIND_RUNTIME
          Action: "com.omnillm.action.BIND_RUNTIME"
Permissions:
  Permission [com.omnillm.permission.BIND_RUNTIME] (7a53ad7):
    perm=PermissionInfo{291bfc4 com.omnillm.permission.BIND_RUNTIME}
Permissions:
  Permission [com.omnillm.debug.DYNAMIC_RECEIVER_NOT_EXPORTED_PERMISSION] (6148ead):
    perm=PermissionInfo{107a5e2 com.omnillm.debug.DYNAMIC_RECEIVER_NOT_EXPORTED_PERMISSION}
    installPermissionsFixed=false
    declared permissions:
      com.omnillm.permission.BIND_RUNTIME: prot=normal
      com.omnillm.debug.DYNAMIC_RECEIVER_NOT_EXPORTED_PERMISSION: prot=signature
    requested permissions:
      android.permission.POST_NOTIFICATIONS
      com.omnillm.companion.permission.BIND_SANDBOX
      android.permission.FOREGROUND_SERVICE
      android.permission.FOREGROUND_SERVICE_SPECIAL_USE
      android.permission.INTERNET
      android.permission.FOREGROUND_SERVICE_DATA_SYNC
      android.permission.ACCESS_NETWORK_STATE
      com.omnillm.debug.DYNAMIC_RECEIVER_NOT_EXPORTED_PERMISSION
    install permissions:
      android.permission.FOREGROUND_SERVICE: granted=true
      android.permission.FOREGROUND_SERVICE_SPECIAL_USE: granted=true
      android.permission.INTERNET: granted=true
      android.permission.FOREGROUND_SERVICE_DATA_SYNC: granted=true
      android.permission.ACCESS_NETWORK_STATE: granted=true
      com.omnillm.debug.DYNAMIC_RECEIVER_NOT_EXPORTED_PERMISSION: granted=true
      runtime permissions:
        android.permission.POST_NOTIFICATIONS: granted=false, flags=[ USER_SENSITIVE_WHEN_GRANTED|USER_SENSITIVE_WHEN_DENIED]

=== re-verify model on device ===
total 294588
-rw-rw---- 1 u0_a209 media_rw 301651328 2026-08-06 07:16 gemma-3-270m-Q8_0.gguf

=== FINAL STATUS ===
install: Success (streamed)
package: com.omnillm.debug
model: /sdcard/Download/omnillm-e2e/gemma-3-270m-Q8_0.gguf (301651328 bytes)
build: SKIPPED (APK present)
Completed: 2026-08-06 15:17:41

pm grant com.omnillm.debug android.permission.POST_NOTIFICATIONS (declared runtime) -> exit=0
Note: manifest does not declare READ/WRITE_EXTERNAL_STORAGE; storage grants were best-effort. Model on public Download path for SAF/import.
